[2026-09-11T12:43:21.329Z] GET https://partner.giloo.ist/en → pending (?ms, ?B)
[2026-09-11T12:43:21.598Z] GET https://partner.giloo.ist/ → 200 (77ms, 15389B)
[2026-09-11T12:43:21.691Z] GET https://www.googletagmanager.com/gtag/js?id=G-7LMZXWJHG0 → 200 (235ms, 175235B)
[2026-09-11T12:43:21.691Z] GET https://fonts.googleapis.com/css2?family=Geist:wght@300;400;500;600;700;900&family=Noto+Sans+TC:wght@300;400;500;600;700;900&display=swap → 200 (161ms, 200832B)
[2026-09-11T12:43:21.691Z] GET https://partner.giloo.ist/assets/logo.svg → 200 (56ms, 1550B)
[2026-09-11T12:43:21.691Z] GET https://cdn.prod.website-files.com/669cf1428f8fffde32f7ebb1/66ecf6d9f93665fd49881bb9_%E6%9C%AA%E5%91%BD%E5%90%8D-1-10.png → 200 (130ms, 19827B)
[2026-09-11T12:43:21.691Z] GET https://cdn.prod.website-files.com/669cf1428f8fffde32f7ebb1/66ecf6d9279cce97a5835fde_%E6%9C%AA%E5%91%BD%E5%90%8D-1-13.png → 200 (150ms, 46410B)
[2026-09-11T12:43:21.691Z] GET https://cdn.prod.website-files.com/669cf1428f8fffde32f7ebb1/66ecf6d9f62485f98974b45e_%E6%9C%AA%E5%91%BD%E5%90%8D-1-12.png → 200 (187ms, 25904B)
[2026-09-11T12:43:21.691Z] GET https://cdn.prod.website-files.com/669cf1428f8fffde32f7ebb1/66ecf6d9f62485f98974b461_%E6%9C%AA%E5%91%BD%E5%90%8D-1-11.png → 200 (211ms, 22180B)
[2026-09-11T12:43:21.692Z] GET https://cdn.prod.website-files.com/669cf1428f8fffde32f7ebb1/66fcb1efb86eefe0fdd2bf39_logo-02.png → 200 (367ms, 11874B)
[2026-09-11T12:43:21.692Z] GET https://cdn.prod.website-files.com/669cf1428f8fffde32f7ebb1/66fcb1f395527313c6e14f2d_logo-03.png → 200 (367ms, 11951B)
[2026-09-11T12:43:21.692Z] GET https://cdn.prod.website-files.com/669cf1428f8fffde32f7ebb1/66fcb59527c06614bafa7ce5_logo-04.png → 200 (367ms, 10000B)
[2026-09-11T12:43:21.692Z] GET https://cdn.prod.website-files.com/669cf1428f8fffde32f7ebb1/66fcb1e9b8782e10c4f11dd2_logo_%E5%B7%A5%E4%BD%9C%E5%8D%80%E5%9F%9F%201.png → 200 (390ms, 12633B)
[2026-09-11T12:43:21.692Z] GET https://cdn.prod.website-files.com/669cf1428f8fffde32f7ebb1/66d7c3ae7921e98fca8c26e5_%E6%9C%AA%E5%91%BD%E5%90%8D%E8%A8%AD%E8%A8%88.png → 200 (367ms, 106949B)
[2026-09-11T12:43:21.692Z] GET https://cdn.prod.website-files.com/669cf1428f8fffde32f7ebb1/66ecf4150c032ca612754541_%E6%9C%AA%E5%91%BD%E5%90%8D-1-08.png → 200 (392ms, 22482B)
[2026-09-11T12:43:21.692Z] GET https://cdn.prod.website-files.com/669cf1428f8fffde32f7ebb1/66ecf414279cce97a580cd3a_%E6%9C%AA%E5%91%BD%E5%90%8D-1_%E5%B7%A5%E4%BD%9C%E5%8D%80%E5%9F%9F%201.png → 200 (392ms, 26548B)
[2026-09-11T12:43:21.692Z] GET https://cdn.prod.website-files.com/669cf1428f8fffde32f7ebb1/66ecf41485d3393ae26df1a2_%E6%9C%AA%E5%91%BD%E5%90%8D-1_%E5%B7%A5%E4%BD%9C%E5%8D%80%E5%9F%9F%201%20%E8%A4%87%E6%9C%AC.png → 200 (392ms, 55468B)
[2026-09-11T12:43:21.692Z] GET https://cdn.prod.website-files.com/669cf1428f8fffde32f7ebb1/66ecf8c77b2756a2ed82fa15_%E6%9C%AA%E5%91%BD%E5%90%8D-1-15.png → 200 (399ms, 13072B)
[2026-09-11T12:43:21.692Z] GET https://cdn.prod.website-files.com/669cf1428f8fffde32f7ebb1/6720ab2033bc27b7d14a17d3_clab-01.png → 200 (399ms, 35152B)
[2026-09-11T12:43:21.692Z] GET https://cdn.prod.website-files.com/669cf1428f8fffde32f7ebb1/66ecf41432989211e794f2b7_%E6%9C%AA%E5%91%BD%E5%90%8D-1-03.png → 200 (399ms, 31336B)
[2026-09-11T12:43:21.692Z] GET https://cdn.prod.website-files.com/669cf1428f8fffde32f7ebb1/66ecf83f49eb1276fca3a993_%E6%9C%AA%E5%91%BD%E5%90%8D-1-14.png → 200 (399ms, 23516B)
[2026-09-11T12:43:21.692Z] GET https://cdn.prod.website-files.com/669cf1428f8fffde32f7ebb1/66ecf415d43970b85b60942f_%E6%9C%AA%E5%91%BD%E5%90%8D-1-07.png → 200 (399ms, 19178B)
[2026-09-11T12:43:21.692Z] GET https://cdn.prod.website-files.com/669cf1428f8fffde32f7ebb1/66ecf414d0397902af257eb6_%E6%9C%AA%E5%91%BD%E5%90%8D-1-05.png → 200 (399ms, 16976B)
[2026-09-11T12:43:21.693Z] GET https://cdn.prod.website-files.com/669cf1428f8fffde32f7ebb1/66ecf4148a943ad4916f0e33_%E6%9C%AA%E5%91%BD%E5%90%8D-1-06.png → 200 (399ms, 70768B)
[2026-09-11T12:43:21.693Z] GET https://cdn.prod.website-files.com/669cf1428f8fffde32f7ebb1/66ecf4145f6dd3b34929379e_%E6%9C%AA%E5%91%BD%E5%90%8D-1-04.png → 200 (399ms, 186037B)
[2026-09-11T12:43:21.693Z] GET https://cdn.prod.website-files.com/669cf1428f8fffde32f7ebb1/66d1349fc5ccfdc61ea16e96_%E6%88%AA%E5%9C%96%202024-08-30%20%E4%B8%8A%E5%8D%8810.52.09.png → 200 (399ms, 72989B)
[2026-09-11T12:43:21.693Z] GET https://cdn.prod.website-files.com/669cf1428f8fffde32f7ebb1/66ed11e25f86b3271db85171_%E6%9C%AA%E5%91%BD%E5%90%8D-1-17.png → 200 (399ms, 10604B)
[2026-09-11T12:43:21.693Z] GET https://cdn.prod.website-files.com/669cf1428f8fffde32f7ebb1/66ed11e25f86b3271db85186_%E6%9C%AA%E5%91%BD%E5%90%8D-1-16.png → 200 (407ms, 50380B)
[2026-09-11T12:43:21.693Z] GET https://cdn.prod.website-files.com/669cf1428f8fffde32f7ebb1/66ed11e2c42eb68c543cf429_%E6%9C%AA%E5%91%BD%E5%90%8D-1-19.png → 200 (407ms, 19412B)
[2026-09-11T12:43:21.693Z] GET https://cdn.prod.website-files.com/669cf1428f8fffde32f7ebb1/66ed170a088282f8894899c3_%E6%9C%AA%E5%91%BD%E5%90%8D-1-21.png → 200 (407ms, 11512B)
[2026-09-11T12:43:21.693Z] GET https://cdn.prod.website-files.com/669cf1428f8fffde32f7ebb1/66ed170a21acce33633c74a2_%E6%9C%AA%E5%91%BD%E5%90%8D-1-20.png → 200 (407ms, 48923B)
[2026-09-11T12:43:21.693Z] GET https://cdn.prod.website-files.com/669cf1428f8fffde32f7ebb1/66ed170a7bf2779d49bf0410_%E6%9C%AA%E5%91%BD%E5%90%8D-1-25.png → 200 (407ms, 30254B)
[2026-09-11T12:43:21.693Z] GET https://cdn.prod.website-files.com/669cf1428f8fffde32f7ebb1/66ed170a9057a27651675d2a_%E6%9C%AA%E5%91%BD%E5%90%8D-1-23.png → 200 (407ms, 22187B)
[2026-09-11T12:43:21.693Z] GET https://cdn.prod.website-files.com/669cf1428f8fffde32f7ebb1/66ed170aee44104ff3db8175_%E6%9C%AA%E5%91%BD%E5%90%8D-1-24.png → 200 (408ms, 34876B)
[2026-09-11T12:43:21.693Z] GET https://cdn.prod.website-files.com/669cf1428f8fffde32f7ebb1/66ed170b9057a27651675dcd_%E6%9C%AA%E5%91%BD%E5%90%8D-1-26.png → 200 (408ms, 15179B)
[2026-09-11T12:43:21.693Z] GET https://cdn.prod.website-files.com/669cf1428f8fffde32f7ebb1/66ed11e20971fc192afe1fb0_%E6%9C%AA%E5%91%BD%E5%90%8D-1-18.png → 200 (408ms, 144486B)
[2026-09-11T12:43:21.693Z] GET https://cdn.prod.website-files.com/669cf1428f8fffde32f7ebb1/66ed170af93665fd49a569ef_%E6%9C%AA%E5%91%BD%E5%90%8D-1-22.png → 200 (408ms, 34342B)
[2026-09-11T12:43:21.694Z] GET https://unpkg.com/react@18.3.1/umd/react.development.js → 200 (388ms, 28813B)
[2026-09-11T12:43:21.694Z] GET https://unpkg.com/react-dom@18.3.1/umd/react-dom.development.js → 200 (490ms, 233361B)
[2026-09-11T12:43:21.694Z] GET https://unpkg.com/@babel/standalone@7.29.0/babel.min.js → 200 (668ms, 656534B)
[2026-09-11T12:43:21.969Z] POST https://www.google-analytics.com/g/collect?v=2&tid=G-7LMZXWJHG0&gtm=45je6992v9256866295za200zd9256866295&_p=1789130601690&gcd=13l3l3l3l1l1&npa=0&dma=0&are=1&cid=1141962815.1789130602&frm=0&ngs=1&pscdl=noapi&rcb=9&sr=1280x720&uaa=arm&uab=64&uafvl=Not%253AA-Brand%3B99.0.0.0%7CHeadlessChrome%3B145.0.7632.6%7CChromium%3B145.0.7632.6&uam=&uamb=0&uap=macOS&uapv=15.6.0&uaw=0&ul=en-us&_s=1&tag_exp=115938466~115938469~118897920~118897930~120213116~120385422~120469145~120469153&sid=1789130601&sct=1&seg=0&dl=https%3A%2F%2Fpartner.giloo.ist%2F&dt=Giloo%20Impact%20Partner&en=page_view&_fv=1&_nsi=1&_ss=1&_ee=1&tfd=641 → 204 (303ms, ?B)
[2026-09-11T12:43:22.057Z] GET https://partner.giloo.ist/assets/hero-still.webp → 200 (25ms, 192679B)
[2026-09-11T12:43:22.058Z] GET https://fonts.gstatic.com/s/geist/v5/gyByhwUxId8gMEwcGFWNOITd.woff2 → 200 (296ms, 29416B)
[2026-09-11T12:43:22.058Z] GET https://fonts.gstatic.com/s/notosanstc/v39/-nF7OG829Oofr2wohFbTp9iFOisNA_cTyNromxqQuEMQ2wHYwbnmy1R1jDujLebozBXCo2qYhRo.102.woff2 → 200 (264ms, 63939B)
[2026-09-11T12:43:22.058Z] GET https://fonts.gstatic.com/s/notosanstc/v39/-nF7OG829Oofr2wohFbTp9iFOisNA_cTyNromxqQuEMQ2wHYwbnmy1R1jDujLebozBXCo2qYhRo.119.woff2 → 200 (369ms, 34728B)
[2026-09-11T12:43:22.058Z] GET https://fonts.gstatic.com/s/notosanstc/v39/-nF7OG829Oofr2wohFbTp9iFOisNA_cTyNromxqQuEMQ2wHYwbnmy1R1jDujLebozBXCo2qYhRo.118.woff2 → pending (?ms, ?B)
[2026-09-11T12:43:22.058Z] GET https://fonts.gstatic.com/s/notosanstc/v39/-nF7OG829Oofr2wohFbTp9iFOisNA_cTyNromxqQuEMQ2wHYwbnmy1R1jDujLebozBXCo2qYhRo.114.woff2 → 200 (370ms, 85199B)
[2026-09-11T12:43:22.058Z] GET https://fonts.gstatic.com/s/notosanstc/v39/-nF7OG829Oofr2wohFbTp9iFOisNA_cTyNromxqQuEMQ2wHYwbnmy1R1jDujLebozBXCo2qYhRo.113.woff2 → 200 (370ms, 71638B)
[2026-09-11T12:43:22.059Z] GET https://fonts.gstatic.com/s/notosanstc/v39/-nF7OG829Oofr2wohFbTp9iFOisNA_cTyNromxqQuEMQ2wHYwbnmy1R1jDujLebozBXCo2qYhRo.112.woff2 → pending (?ms, ?B)
[2026-09-11T12:43:22.059Z] GET https://fonts.gstatic.com/s/notosanstc/v39/-nF7OG829Oofr2wohFbTp9iFOisNA_cTyNromxqQuEMQ2wHYwbnmy1R1jDujLebozBXCo2qYhRo.117.woff2 → pending (?ms, ?B)
[2026-09-11T12:43:22.438Z] GET https://fonts.gstatic.com/s/notosanstc/v39/-nF7OG829Oofr2wohFbTp9i1OCEKIfVZ1w.woff2 → pending (?ms, ?B)
[2026-09-11T12:43:22.441Z] GET https://partner.giloo.ist/tweaks-panel.jsx → pending (?ms, ?B)
[2026-09-11T12:43:26.983Z] POST https://www.google-analytics.com/g/collect?v=2&tid=G-7LMZXWJHG0&gtm=45je6992v9256866295za200zd9256866295&_p=1789130601690&gcd=13l3l3l3l1l1&npa=0&dma=0&_eu=AEAAAAQ&ae=a&are=1&cid=1141962815.1789130602&frm=0&ngs=1&pscdl=noapi&rcb=9&sr=1280x720&uaa=arm&uab=64&uafvl=Not%253AA-Brand%3B99.0.0.0%7CHeadlessChrome%3B145.0.7632.6%7CChromium%3B145.0.7632.6&uam=&uamb=0&uap=macOS&uapv=15.6.0&uaw=0&ul=en-us&_s=2&tag_exp=115938466~115938469~118897920~118897930~120213116~120385422~120469145~120469153&sid=1789130601&sct=1&seg=0&dl=https%3A%2F%2Fpartner.giloo.ist%2F&dt=Giloo%20Impact%20Partner&en=scroll&epn.percent_scrolled=90&_et=12&tfd=5655 → 204 (40ms, ?B)
[2026-09-11T12:47:48.950Z] GET file:///Users/ruru/giloo-intro/index.html → 200 (3ms, 64444B)
[2026-09-11T12:47:49.003Z] GET https://fonts.googleapis.com/css2?family=Newsreader:opsz,wght@6..72,300;6..72,400;6..72,500;6..72,600&family=IBM+Plex+Sans:wght@400;500;600;700&family=Noto+Sans+TC:wght@300;400;500&display=swap → 200 (79ms, 100627B)
[2026-09-11T12:47:49.004Z] GET file:///Users/ruru/giloo-intro/giloo-newsletter.png → 200 (5ms, 950923B)
[2026-09-11T12:47:49.004Z] GET file:///Users/ruru/giloo-intro/giloo-notes2.png → 200 (5ms, 1218813B)
[2026-09-11T12:47:49.004Z] GET file:///Users/ruru/giloo-intro/giloo-judicial.png → 200 (7ms, 1842630B)
[2026-09-11T12:47:49.004Z] GET file:///Users/ruru/giloo-intro/giloo-festival-montage.png → 200 (7ms, 2305708B)
[2026-09-11T12:47:49.004Z] GET file:///Users/ruru/giloo-intro/giloo-watchparty2.png → 200 (8ms, 1651973B)
[2026-09-11T12:47:49.004Z] GET file:///Users/ruru/giloo-intro/posters/kinmen.jpg → 200 (8ms, 39604B)
[2026-09-11T12:47:49.007Z] GET file:///Users/ruru/giloo-intro/posters/nineshots.jpg → 200 (5ms, 117566B)
[2026-09-11T12:47:49.008Z] GET file:///Users/ruru/giloo-intro/posters/blackbox.jpg → 200 (4ms, 751190B)
[2026-09-11T12:47:49.008Z] GET file:///Users/ruru/giloo-intro/giloo-belami-merch.png → 200 (4ms, 2515501B)
[2026-09-11T12:47:49.008Z] GET file:///Users/ruru/giloo-intro/giloo-creator-profile.png → 200 (4ms, 597915B)
[2026-09-11T12:47:49.008Z] GET file:///Users/ruru/giloo-intro/giloo-creator-film.png → 200 (4ms, 517391B)
[2026-09-11T12:47:49.008Z] GET file:///Users/ruru/giloo-intro/giloo-creator-support.png → 200 (5ms, 147227B)
[2026-09-11T12:47:49.008Z] GET file:///Users/ruru/giloo-intro/giloo-partner-hero.jpg → 200 (5ms, 252558B)
[2026-09-11T12:47:49.199Z] GET https://fonts.gstatic.com/s/newsreader/v26/cY9AfjOCX1hbuyalUrK4397yjIJFJpc.woff2 → 200 (459ms, 131895B)
[2026-09-11T12:47:49.199Z] GET https://fonts.gstatic.com/s/ibmplexsans/v23/zYXzKVElMYYaJe8bpLHnCwDKr932-G7dytD-Dmu1syxeKYbSB4Zh.woff2 → 200 (351ms, 40272B)
[2026-09-11T12:47:49.199Z] GET file:///Users/ruru/giloo-intro/giloo-logo-white.png → 200 (1ms, 5717B)
[2026-09-11T12:47:49.199Z] GET file:///Users/ruru/giloo-intro/giloo-logo.png → 200 (1ms, 13028B)
[2026-09-11T12:47:49.199Z] GET file:///Users/ruru/giloo-intro/giloo-taipei-litfilm.png → 200 (2ms, 3029199B)
[2026-09-11T12:47:49.199Z] GET file:///Users/ruru/giloo-intro/giloo-platform.png → 200 (2ms, 4001985B)
[2026-09-11T12:47:49.199Z] GET file:///Users/ruru/giloo-intro/giloo-nuit-blanche.jpg → 200 (2ms, 1970773B)
[2026-09-11T12:47:49.199Z] GET file:///Users/ruru/giloo-intro/giloo-paris.png → 200 (2ms, 2070547B)
[2026-09-11T12:47:49.199Z] GET https://fonts.gstatic.com/s/notosanstc/v39/-nF7OG829Oofr2wohFbTp9iFOisNA_cTyNromxqQuEMQ2wHYwbnmy1R1jDujLebozBXCo2qYhRo.119.woff2 → 200 (3ms, -815B)
[2026-09-11T12:47:49.199Z] GET https://fonts.gstatic.com/s/notosanstc/v39/-nF7OG829Oofr2wohFbTp9i1OCEKIfVZ1w.woff2 → 200 (3ms, -815B)
[2026-09-11T12:47:49.199Z] GET https://fonts.gstatic.com/s/notosanstc/v39/-nF7OG829Oofr2wohFbTp9iFOisNA_cTyNromxqQuEMQ2wHYwbnmy1R1jDujLebozBXCo2qYhRo.118.woff2 → 200 (3ms, -815B)
[2026-09-11T12:47:49.199Z] GET https://fonts.gstatic.com/s/notosanstc/v39/-nF7OG829Oofr2wohFbTp9iFOisNA_cTyNromxqQuEMQ2wHYwbnmy1R1jDujLebozBXCo2qYhRo.117.woff2 → 200 (3ms, -815B)
[2026-09-11T12:47:49.199Z] GET https://fonts.gstatic.com/s/notosanstc/v39/-nF7OG829Oofr2wohFbTp9iFOisNA_cTyNromxqQuEMQ2wHYwbnmy1R1jDujLebozBXCo2qYhRo.116.woff2 → 200 (437ms, 71633B)
[2026-09-11T12:47:49.199Z] GET https://fonts.gstatic.com/s/notosanstc/v39/-nF7OG829Oofr2wohFbTp9iFOisNA_cTyNromxqQuEMQ2wHYwbnmy1R1jDujLebozBXCo2qYhRo.112.woff2 → 200 (3ms, -815B)
[2026-09-11T12:47:49.200Z] GET https://fonts.gstatic.com/s/notosanstc/v39/-nF7OG829Oofr2wohFbTp9iFOisNA_cTyNromxqQuEMQ2wHYwbnmy1R1jDujLebozBXCo2qYhRo.115.woff2 → 200 (424ms, 74441B)
[2026-09-11T12:47:49.200Z] GET https://fonts.gstatic.com/s/notosanstc/v39/-nF7OG829Oofr2wohFbTp9iFOisNA_cTyNromxqQuEMQ2wHYwbnmy1R1jDujLebozBXCo2qYhRo.113.woff2 → 200 (2ms, -815B)
[2026-09-11T12:47:49.200Z] GET https://fonts.gstatic.com/s/notosanstc/v39/-nF7OG829Oofr2wohFbTp9iFOisNA_cTyNromxqQuEMQ2wHYwbnmy1R1jDujLebozBXCo2qYhRo.111.woff2 → 200 (431ms, 74857B)
[2026-09-11T12:47:49.200Z] GET https://fonts.gstatic.com/s/notosanstc/v39/-nF7OG829Oofr2wohFbTp9iFOisNA_cTyNromxqQuEMQ2wHYwbnmy1R1jDujLebozBXCo2qYhRo.114.woff2 → 200 (2ms, -815B)
[2026-09-11T12:47:49.200Z] GET https://fonts.gstatic.com/s/notosanstc/v39/-nF7OG829Oofr2wohFbTp9iFOisNA_cTyNromxqQuEMQ2wHYwbnmy1R1jDujLebozBXCo2qYhRo.104.woff2 → 200 (431ms, 68845B)
[2026-09-11T12:47:49.200Z] GET https://fonts.gstatic.com/s/ibmplexsans/v23/zYXzKVElMYYaJe8bpLHnCwDKr932-G7dytD-Dmu1syxQKYbSB4ZhRNU.woff2 → 200 (371ms, 25897B)
[2026-09-11T12:47:49.200Z] GET https://fonts.gstatic.com/s/notosanstc/v39/-nF7OG829Oofr2wohFbTp9iFOisNA_cTyNromxqQuEMQ2wHYwbnmy1R1jDujLebozBXCo2qYhRo.109.woff2 → 200 (431ms, 72013B)
[2026-09-11T12:47:49.200Z] GET https://fonts.gstatic.com/s/notosanstc/v39/-nF7OG829Oofr2wohFbTp9iFOisNA_cTyNromxqQuEMQ2wHYwbnmy1R1jDujLebozBXCo2qYhRo.69.woff2 → 200 (415ms, 45116B)
[2026-09-11T12:47:49.200Z] GET https://fonts.gstatic.com/s/notosanstc/v39/-nF7OG829Oofr2wohFbTp9iFOisNA_cTyNromxqQuEMQ2wHYwbnmy1R1jDujLebozBXCo2qYhRo.108.woff2 → 200 (437ms, 72633B)
[2026-09-11T12:47:51.694Z] GET file:///Users/ruru/giloo-intro/index.html → 200 (1ms, ?B)
[2026-09-11T12:47:51.698Z] GET https://fonts.googleapis.com/css2?family=Newsreader:opsz,wght@6..72,300;6..72,400;6..72,500;6..72,600&family=IBM+Plex+Sans:wght@400;500;600;700&family=Noto+Sans+TC:wght@300;400;500&display=swap → pending (?ms, ?B)
[2026-09-11T12:47:51.699Z] GET file:///Users/ruru/giloo-intro/giloo-newsletter.png → 200 (4ms, ?B)
[2026-09-11T12:47:51.699Z] GET file:///Users/ruru/giloo-intro/giloo-notes2.png → 200 (4ms, ?B)
[2026-09-11T12:47:51.699Z] GET file:///Users/ruru/giloo-intro/giloo-judicial.png → pending (?ms, ?B)
[2026-09-11T12:47:51.699Z] GET file:///Users/ruru/giloo-intro/giloo-festival-montage.png → pending (?ms, ?B)
[2026-09-11T12:47:51.700Z] GET file:///Users/ruru/giloo-intro/giloo-watchparty2.png → pending (?ms, ?B)
[2026-09-11T12:47:51.700Z] GET file:///Users/ruru/giloo-intro/posters/kinmen.jpg → pending (?ms, ?B)
[2026-09-11T12:47:51.700Z] GET file:///Users/ruru/giloo-intro/posters/nineshots.jpg → pending (?ms, ?B)
[2026-09-11T12:47:51.700Z] GET file:///Users/ruru/giloo-intro/posters/blackbox.jpg → pending (?ms, ?B)
[2026-09-11T12:47:51.700Z] GET file:///Users/ruru/giloo-intro/giloo-belami-merch.png → pending (?ms, ?B)
[2026-09-11T12:47:51.703Z] GET file:///Users/ruru/giloo-intro/giloo-creator-profile.png → pending (?ms, ?B)
[2026-09-11T12:47:51.703Z] GET file:///Users/ruru/giloo-intro/giloo-creator-film.png → pending (?ms, ?B)
[2026-09-11T12:47:51.703Z] GET file:///Users/ruru/giloo-intro/giloo-creator-support.png → pending (?ms, ?B)
[2026-09-11T12:47:51.703Z] GET file:///Users/ruru/giloo-intro/giloo-partner-hero.jpg → pending (?ms, ?B)
[2026-09-11T12:47:51.711Z] GET https://fonts.gstatic.com/s/newsreader/v26/cY9AfjOCX1hbuyalUrK4397yjIJFJpc.woff2 → 200 (1ms, -816B)
[2026-09-11T12:47:51.711Z] GET https://fonts.gstatic.com/s/ibmplexsans/v23/zYXzKVElMYYaJe8bpLHnCwDKr932-G7dytD-Dmu1syxeKYbSB4Zh.woff2 → 200 (1ms, -815B)
[2026-09-11T12:47:51.711Z] GET file:///Users/ruru/giloo-intro/giloo-logo-white.png → 200 (1ms, 5717B)
[2026-09-11T12:47:51.711Z] GET file:///Users/ruru/giloo-intro/giloo-logo.png → 200 (1ms, 13028B)
[2026-09-11T12:47:51.711Z] GET file:///Users/ruru/giloo-intro/giloo-taipei-litfilm.png → 200 (1ms, 3029199B)
[2026-09-11T12:47:51.711Z] GET file:///Users/ruru/giloo-intro/giloo-platform.png → 200 (1ms, 4001985B)
[2026-09-11T12:47:51.711Z] GET file:///Users/ruru/giloo-intro/giloo-nuit-blanche.jpg → 200 (1ms, 1970773B)
[2026-09-11T12:47:51.711Z] GET file:///Users/ruru/giloo-intro/giloo-paris.png → 200 (1ms, 2070547B)
[2026-09-11T12:47:51.711Z] GET https://fonts.gstatic.com/s/notosanstc/v39/-nF7OG829Oofr2wohFbTp9iFOisNA_cTyNromxqQuEMQ2wHYwbnmy1R1jDujLebozBXCo2qYhRo.119.woff2 → 200 (1ms, -815B)
[2026-09-11T12:47:51.711Z] GET https://fonts.gstatic.com/s/notosanstc/v39/-nF7OG829Oofr2wohFbTp9i1OCEKIfVZ1w.woff2 → 200 (1ms, -815B)
[2026-09-11T12:47:51.730Z] GET https://fonts.gstatic.com/s/notosanstc/v39/-nF7OG829Oofr2wohFbTp9iFOisNA_cTyNromxqQuEMQ2wHYwbnmy1R1jDujLebozBXCo2qYhRo.118.woff2 → 200 (1ms, -815B)
[2026-09-11T12:47:51.730Z] GET https://fonts.gstatic.com/s/notosanstc/v39/-nF7OG829Oofr2wohFbTp9iFOisNA_cTyNromxqQuEMQ2wHYwbnmy1R1jDujLebozBXCo2qYhRo.117.woff2 → 200 (2ms, -815B)
[2026-09-11T12:47:51.730Z] GET https://fonts.gstatic.com/s/notosanstc/v39/-nF7OG829Oofr2wohFbTp9iFOisNA_cTyNromxqQuEMQ2wHYwbnmy1R1jDujLebozBXCo2qYhRo.116.woff2 → 200 (2ms, -815B)
[2026-09-11T12:47:51.731Z] GET https://fonts.gstatic.com/s/notosanstc/v39/-nF7OG829Oofr2wohFbTp9iFOisNA_cTyNromxqQuEMQ2wHYwbnmy1R1jDujLebozBXCo2qYhRo.112.woff2 → 200 (1ms, -815B)
[2026-09-11T12:47:51.731Z] GET https://fonts.gstatic.com/s/notosanstc/v39/-nF7OG829Oofr2wohFbTp9iFOisNA_cTyNromxqQuEMQ2wHYwbnmy1R1jDujLebozBXCo2qYhRo.115.woff2 → 200 (1ms, -815B)
[2026-09-11T12:47:51.731Z] GET https://fonts.gstatic.com/s/notosanstc/v39/-nF7OG829Oofr2wohFbTp9iFOisNA_cTyNromxqQuEMQ2wHYwbnmy1R1jDujLebozBXCo2qYhRo.113.woff2 → 200 (1ms, -815B)
[2026-09-11T12:47:51.731Z] GET https://fonts.gstatic.com/s/notosanstc/v39/-nF7OG829Oofr2wohFbTp9iFOisNA_cTyNromxqQuEMQ2wHYwbnmy1R1jDujLebozBXCo2qYhRo.111.woff2 → 200 (1ms, -815B)
[2026-09-11T12:47:51.731Z] GET https://fonts.gstatic.com/s/notosanstc/v39/-nF7OG829Oofr2wohFbTp9iFOisNA_cTyNromxqQuEMQ2wHYwbnmy1R1jDujLebozBXCo2qYhRo.114.woff2 → 200 (1ms, -815B)
[2026-09-11T12:47:51.731Z] GET https://fonts.gstatic.com/s/notosanstc/v39/-nF7OG829Oofr2wohFbTp9iFOisNA_cTyNromxqQuEMQ2wHYwbnmy1R1jDujLebozBXCo2qYhRo.104.woff2 → 200 (1ms, -815B)
[2026-09-11T12:47:51.731Z] GET https://fonts.gstatic.com/s/notosanstc/v39/-nF7OG829Oofr2wohFbTp9iFOisNA_cTyNromxqQuEMQ2wHYwbnmy1R1jDujLebozBXCo2qYhRo.109.woff2 → 200 (2ms, -815B)
[2026-09-11T12:47:51.731Z] GET https://fonts.gstatic.com/s/notosanstc/v39/-nF7OG829Oofr2wohFbTp9iFOisNA_cTyNromxqQuEMQ2wHYwbnmy1R1jDujLebozBXCo2qYhRo.69.woff2 → 200 (2ms, -813B)
[2026-09-11T12:47:51.731Z] GET https://fonts.gstatic.com/s/notosanstc/v39/-nF7OG829Oofr2wohFbTp9iFOisNA_cTyNromxqQuEMQ2wHYwbnmy1R1jDujLebozBXCo2qYhRo.108.woff2 → 200 (2ms, -815B)
[2026-09-11T12:48:00.640Z] GET file:///Users/ruru/giloo-intro/index.html → 200 (?ms, 64444B)
[2026-09-11T12:48:00.645Z] GET https://fonts.googleapis.com/css2?family=Newsreader:opsz,wght@6..72,300;6..72,400;6..72,500;6..72,600&family=IBM+Plex+Sans:wght@400;500;600;700&family=Noto+Sans+TC:wght@300;400;500&display=swap → 200 (2ms, -698B)
[2026-09-11T12:48:00.645Z] GET file:///Users/ruru/giloo-intro/giloo-newsletter.png → 200 (1ms, 950923B)
[2026-09-11T12:48:00.645Z] GET file:///Users/ruru/giloo-intro/giloo-notes2.png → 200 (1ms, 1218813B)
[2026-09-11T12:48:00.645Z] GET file:///Users/ruru/giloo-intro/giloo-judicial.png → 200 (1ms, 1842630B)
[2026-09-11T12:48:00.645Z] GET file:///Users/ruru/giloo-intro/giloo-festival-montage.png → 200 (2ms, 2305708B)
[2026-09-11T12:48:00.645Z] GET file:///Users/ruru/giloo-intro/giloo-watchparty2.png → 200 (2ms, 1651973B)
[2026-09-11T12:48:00.645Z] GET file:///Users/ruru/giloo-intro/posters/kinmen.jpg → 200 (2ms, 39604B)
[2026-09-11T12:48:00.645Z] GET file:///Users/ruru/giloo-intro/posters/nineshots.jpg → 200 (2ms, 117566B)
[2026-09-11T12:48:00.646Z] GET file:///Users/ruru/giloo-intro/posters/blackbox.jpg → 200 (1ms, 751190B)
[2026-09-11T12:48:00.646Z] GET file:///Users/ruru/giloo-intro/giloo-belami-merch.png → 200 (1ms, 2515501B)
[2026-09-11T12:48:00.646Z] GET file:///Users/ruru/giloo-intro/giloo-creator-profile.png → 200 (1ms, 597915B)
[2026-09-11T12:48:00.646Z] GET file:///Users/ruru/giloo-intro/giloo-creator-film.png → 200 (2ms, 517391B)
[2026-09-11T12:48:00.646Z] GET file:///Users/ruru/giloo-intro/giloo-creator-support.png → 200 (2ms, 147227B)
[2026-09-11T12:48:00.646Z] GET file:///Users/ruru/giloo-intro/giloo-partner-hero.jpg → 200 (3ms, 252558B)
[2026-09-11T12:48:00.660Z] GET https://fonts.gstatic.com/s/newsreader/v26/cY9AfjOCX1hbuyalUrK4397yjIJFJpc.woff2 → 200 (1ms, -816B)
[2026-09-11T12:48:00.660Z] GET https://fonts.gstatic.com/s/ibmplexsans/v23/zYXzKVElMYYaJe8bpLHnCwDKr932-G7dytD-Dmu1syxeKYbSB4Zh.woff2 → 200 (1ms, -815B)
[2026-09-11T12:48:00.660Z] GET file:///Users/ruru/giloo-intro/giloo-logo-white.png → 200 (?ms, 5717B)
[2026-09-11T12:48:00.660Z] GET file:///Users/ruru/giloo-intro/giloo-logo.png → 200 (?ms, 13028B)
[2026-09-11T12:48:00.660Z] GET file:///Users/ruru/giloo-intro/giloo-taipei-litfilm.png → 200 (?ms, 3029199B)
[2026-09-11T12:48:00.660Z] GET file:///Users/ruru/giloo-intro/giloo-platform.png → 200 (?ms, 4001985B)
[2026-09-11T12:48:00.660Z] GET file:///Users/ruru/giloo-intro/giloo-nuit-blanche.jpg → 200 (1ms, 1970773B)
[2026-09-11T12:48:00.660Z] GET file:///Users/ruru/giloo-intro/giloo-paris.png → 200 (1ms, 2070547B)
[2026-09-11T12:48:00.660Z] GET https://fonts.gstatic.com/s/notosanstc/v39/-nF7OG829Oofr2wohFbTp9iFOisNA_cTyNromxqQuEMQ2wHYwbnmy1R1jDujLebozBXCo2qYhRo.119.woff2 → 200 (1ms, -815B)
[2026-09-11T12:48:00.660Z] GET https://fonts.gstatic.com/s/notosanstc/v39/-nF7OG829Oofr2wohFbTp9i1OCEKIfVZ1w.woff2 → 200 (1ms, -815B)
[2026-09-11T12:48:00.678Z] GET https://fonts.gstatic.com/s/notosanstc/v39/-nF7OG829Oofr2wohFbTp9iFOisNA_cTyNromxqQuEMQ2wHYwbnmy1R1jDujLebozBXCo2qYhRo.118.woff2 → 200 (1ms, -815B)
[2026-09-11T12:48:00.678Z] GET https://fonts.gstatic.com/s/notosanstc/v39/-nF7OG829Oofr2wohFbTp9iFOisNA_cTyNromxqQuEMQ2wHYwbnmy1R1jDujLebozBXCo2qYhRo.117.woff2 → 200 (1ms, -815B)
[2026-09-11T12:48:00.678Z] GET https://fonts.gstatic.com/s/notosanstc/v39/-nF7OG829Oofr2wohFbTp9iFOisNA_cTyNromxqQuEMQ2wHYwbnmy1R1jDujLebozBXCo2qYhRo.116.woff2 → 200 (1ms, -815B)
[2026-09-11T12:48:00.678Z] GET https://fonts.gstatic.com/s/notosanstc/v39/-nF7OG829Oofr2wohFbTp9iFOisNA_cTyNromxqQuEMQ2wHYwbnmy1R1jDujLebozBXCo2qYhRo.112.woff2 → 200 (2ms, -815B)
[2026-09-11T12:48:00.678Z] GET https://fonts.gstatic.com/s/notosanstc/v39/-nF7OG829Oofr2wohFbTp9iFOisNA_cTyNromxqQuEMQ2wHYwbnmy1R1jDujLebozBXCo2qYhRo.115.woff2 → 200 (2ms, -815B)
[2026-09-11T12:48:00.678Z] GET https://fonts.gstatic.com/s/notosanstc/v39/-nF7OG829Oofr2wohFbTp9iFOisNA_cTyNromxqQuEMQ2wHYwbnmy1R1jDujLebozBXCo2qYhRo.113.woff2 → 200 (2ms, -815B)
[2026-09-11T12:48:00.678Z] GET https://fonts.gstatic.com/s/notosanstc/v39/-nF7OG829Oofr2wohFbTp9iFOisNA_cTyNromxqQuEMQ2wHYwbnmy1R1jDujLebozBXCo2qYhRo.111.woff2 → 200 (3ms, -815B)
[2026-09-11T12:48:00.678Z] GET https://fonts.gstatic.com/s/notosanstc/v39/-nF7OG829Oofr2wohFbTp9iFOisNA_cTyNromxqQuEMQ2wHYwbnmy1R1jDujLebozBXCo2qYhRo.114.woff2 → 200 (3ms, -815B)
[2026-09-11T12:48:00.679Z] GET https://fonts.gstatic.com/s/notosanstc/v39/-nF7OG829Oofr2wohFbTp9iFOisNA_cTyNromxqQuEMQ2wHYwbnmy1R1jDujLebozBXCo2qYhRo.104.woff2 → 200 (2ms, -815B)
[2026-09-11T12:48:00.679Z] GET https://fonts.gstatic.com/s/notosanstc/v39/-nF7OG829Oofr2wohFbTp9iFOisNA_cTyNromxqQuEMQ2wHYwbnmy1R1jDujLebozBXCo2qYhRo.109.woff2 → 200 (3ms, -815B)
[2026-09-11T12:48:00.679Z] GET https://fonts.gstatic.com/s/notosanstc/v39/-nF7OG829Oofr2wohFbTp9iFOisNA_cTyNromxqQuEMQ2wHYwbnmy1R1jDujLebozBXCo2qYhRo.69.woff2 → 200 (3ms, -813B)
[2026-09-11T12:48:00.679Z] GET https://fonts.gstatic.com/s/notosanstc/v39/-nF7OG829Oofr2wohFbTp9iFOisNA_cTyNromxqQuEMQ2wHYwbnmy1R1jDujLebozBXCo2qYhRo.108.woff2 → 200 (3ms, -815B)
[2026-09-11T12:48:03.286Z] GET file:///Users/ruru/giloo-intro/index.html → 200 (?ms, 64444B)
[2026-09-11T12:48:03.289Z] GET https://fonts.googleapis.com/css2?family=Newsreader:opsz,wght@6..72,300;6..72,400;6..72,500;6..72,600&family=IBM+Plex+Sans:wght@400;500;600;700&family=Noto+Sans+TC:wght@300;400;500&display=swap → 200 (2ms, -698B)
[2026-09-11T12:48:03.290Z] GET file:///Users/ruru/giloo-intro/giloo-newsletter.png → 200 (?ms, 950923B)
[2026-09-11T12:48:03.290Z] GET file:///Users/ruru/giloo-intro/giloo-notes2.png → 200 (1ms, 1218813B)
[2026-09-11T12:48:03.290Z] GET file:///Users/ruru/giloo-intro/giloo-judicial.png → 200 (1ms, 1842630B)
[2026-09-11T12:48:03.290Z] GET file:///Users/ruru/giloo-intro/giloo-festival-montage.png → 200 (1ms, 2305708B)
[2026-09-11T12:48:03.290Z] GET file:///Users/ruru/giloo-intro/giloo-watchparty2.png → 200 (1ms, 1651973B)
[2026-09-11T12:48:03.290Z] GET file:///Users/ruru/giloo-intro/posters/kinmen.jpg → 200 (1ms, 39604B)
[2026-09-11T12:48:03.290Z] GET file:///Users/ruru/giloo-intro/posters/nineshots.jpg → 200 (1ms, 117566B)
[2026-09-11T12:48:03.290Z] GET file:///Users/ruru/giloo-intro/posters/blackbox.jpg → 200 (1ms, 751190B)
[2026-09-11T12:48:03.290Z] GET file:///Users/ruru/giloo-intro/giloo-belami-merch.png → 200 (1ms, 2515501B)
[2026-09-11T12:48:03.290Z] GET file:///Users/ruru/giloo-intro/giloo-creator-profile.png → 200 (1ms, 597915B)
[2026-09-11T12:48:03.290Z] GET file:///Users/ruru/giloo-intro/giloo-creator-film.png → 200 (1ms, 517391B)
[2026-09-11T12:48:03.290Z] GET file:///Users/ruru/giloo-intro/giloo-creator-support.png → 200 (2ms, 147227B)
[2026-09-11T12:48:03.290Z] GET file:///Users/ruru/giloo-intro/giloo-partner-hero.jpg → 200 (2ms, 252558B)
[2026-09-11T12:48:03.301Z] GET https://fonts.gstatic.com/s/newsreader/v26/cY9AfjOCX1hbuyalUrK4397yjIJFJpc.woff2 → 200 (1ms, -816B)
[2026-09-11T12:48:03.301Z] GET https://fonts.gstatic.com/s/ibmplexsans/v23/zYXzKVElMYYaJe8bpLHnCwDKr932-G7dytD-Dmu1syxeKYbSB4Zh.woff2 → 200 (1ms, -815B)
[2026-09-11T12:48:03.301Z] GET file:///Users/ruru/giloo-intro/giloo-logo-white.png → 200 (1ms, 5717B)
[2026-09-11T12:48:03.301Z] GET file:///Users/ruru/giloo-intro/giloo-logo.png → 200 (1ms, 13028B)
[2026-09-11T12:48:03.301Z] GET file:///Users/ruru/giloo-intro/giloo-taipei-litfilm.png → 200 (1ms, 3029199B)
[2026-09-11T12:48:03.301Z] GET file:///Users/ruru/giloo-intro/giloo-platform.png → 200 (1ms, 4001985B)
[2026-09-11T12:48:03.301Z] GET file:///Users/ruru/giloo-intro/giloo-nuit-blanche.jpg → 200 (1ms, 1970773B)
[2026-09-11T12:48:03.301Z] GET file:///Users/ruru/giloo-intro/giloo-paris.png → 200 (1ms, 2070547B)
[2026-09-11T12:48:03.302Z] GET https://fonts.gstatic.com/s/notosanstc/v39/-nF7OG829Oofr2wohFbTp9iFOisNA_cTyNromxqQuEMQ2wHYwbnmy1R1jDujLebozBXCo2qYhRo.119.woff2 → 200 (1ms, -815B)
[2026-09-11T12:48:03.302Z] GET https://fonts.gstatic.com/s/notosanstc/v39/-nF7OG829Oofr2wohFbTp9i1OCEKIfVZ1w.woff2 → 200 (1ms, -815B)
[2026-09-11T12:48:03.321Z] GET https://fonts.gstatic.com/s/notosanstc/v39/-nF7OG829Oofr2wohFbTp9iFOisNA_cTyNromxqQuEMQ2wHYwbnmy1R1jDujLebozBXCo2qYhRo.118.woff2 → 200 (?ms, -815B)
[2026-09-11T12:48:03.321Z] GET https://fonts.gstatic.com/s/notosanstc/v39/-nF7OG829Oofr2wohFbTp9iFOisNA_cTyNromxqQuEMQ2wHYwbnmy1R1jDujLebozBXCo2qYhRo.117.woff2 → 200 (?ms, -815B)
[2026-09-11T12:48:03.321Z] GET https://fonts.gstatic.com/s/notosanstc/v39/-nF7OG829Oofr2wohFbTp9iFOisNA_cTyNromxqQuEMQ2wHYwbnmy1R1jDujLebozBXCo2qYhRo.116.woff2 → 200 (1ms, -815B)
[2026-09-11T12:48:03.321Z] GET https://fonts.gstatic.com/s/notosanstc/v39/-nF7OG829Oofr2wohFbTp9iFOisNA_cTyNromxqQuEMQ2wHYwbnmy1R1jDujLebozBXCo2qYhRo.112.woff2 → 200 (?ms, -815B)
[2026-09-11T12:48:03.321Z] GET https://fonts.gstatic.com/s/notosanstc/v39/-nF7OG829Oofr2wohFbTp9iFOisNA_cTyNromxqQuEMQ2wHYwbnmy1R1jDujLebozBXCo2qYhRo.115.woff2 → 200 (1ms, -815B)
[2026-09-11T12:48:03.321Z] GET https://fonts.gstatic.com/s/notosanstc/v39/-nF7OG829Oofr2wohFbTp9iFOisNA_cTyNromxqQuEMQ2wHYwbnmy1R1jDujLebozBXCo2qYhRo.113.woff2 → 200 (1ms, -815B)
[2026-09-11T12:48:03.321Z] GET https://fonts.gstatic.com/s/notosanstc/v39/-nF7OG829Oofr2wohFbTp9iFOisNA_cTyNromxqQuEMQ2wHYwbnmy1R1jDujLebozBXCo2qYhRo.111.woff2 → 200 (1ms, -815B)
[2026-09-11T12:48:03.321Z] GET https://fonts.gstatic.com/s/notosanstc/v39/-nF7OG829Oofr2wohFbTp9iFOisNA_cTyNromxqQuEMQ2wHYwbnmy1R1jDujLebozBXCo2qYhRo.114.woff2 → 200 (1ms, -815B)
[2026-09-11T12:48:03.321Z] GET https://fonts.gstatic.com/s/notosanstc/v39/-nF7OG829Oofr2wohFbTp9iFOisNA_cTyNromxqQuEMQ2wHYwbnmy1R1jDujLebozBXCo2qYhRo.104.woff2 → 200 (1ms, -815B)
[2026-09-11T12:48:03.321Z] GET https://fonts.gstatic.com/s/notosanstc/v39/-nF7OG829Oofr2wohFbTp9iFOisNA_cTyNromxqQuEMQ2wHYwbnmy1R1jDujLebozBXCo2qYhRo.109.woff2 → 200 (1ms, -815B)
[2026-09-11T12:48:03.321Z] GET https://fonts.gstatic.com/s/notosanstc/v39/-nF7OG829Oofr2wohFbTp9iFOisNA_cTyNromxqQuEMQ2wHYwbnmy1R1jDujLebozBXCo2qYhRo.69.woff2 → 200 (1ms, -813B)
[2026-09-11T12:48:03.321Z] GET https://fonts.gstatic.com/s/notosanstc/v39/-nF7OG829Oofr2wohFbTp9iFOisNA_cTyNromxqQuEMQ2wHYwbnmy1R1jDujLebozBXCo2qYhRo.108.woff2 → 200 (1ms, -815B)
[2026-09-11T12:48:11.796Z] GET file:///Users/ruru/giloo-intro/index.html → 200 (1ms, 64444B)
[2026-09-11T12:48:11.804Z] GET https://fonts.googleapis.com/css2?family=Newsreader:opsz,wght@6..72,300;6..72,400;6..72,500;6..72,600&family=IBM+Plex+Sans:wght@400;500;600;700&family=Noto+Sans+TC:wght@300;400;500&display=swap → 200 (1ms, -698B)
[2026-09-11T12:48:11.804Z] GET file:///Users/ruru/giloo-intro/giloo-newsletter.png → 200 (?ms, 950923B)
[2026-09-11T12:48:11.804Z] GET file:///Users/ruru/giloo-intro/giloo-notes2.png → 200 (?ms, 1218813B)
[2026-09-11T12:48:11.804Z] GET file:///Users/ruru/giloo-intro/giloo-judicial.png → 200 (1ms, 1842630B)
[2026-09-11T12:48:11.804Z] GET file:///Users/ruru/giloo-intro/giloo-festival-montage.png → 200 (2ms, 2305708B)
[2026-09-11T12:48:11.804Z] GET file:///Users/ruru/giloo-intro/giloo-watchparty2.png → 200 (2ms, 1651973B)
[2026-09-11T12:48:11.804Z] GET file:///Users/ruru/giloo-intro/posters/kinmen.jpg → 200 (2ms, 39604B)
[2026-09-11T12:48:11.804Z] GET file:///Users/ruru/giloo-intro/posters/nineshots.jpg → 200 (2ms, 117566B)
[2026-09-11T12:48:11.804Z] GET file:///Users/ruru/giloo-intro/posters/blackbox.jpg → 200 (2ms, 751190B)
[2026-09-11T12:48:11.804Z] GET file:///Users/ruru/giloo-intro/giloo-belami-merch.png → 200 (2ms, 2515501B)
[2026-09-11T12:48:11.804Z] GET file:///Users/ruru/giloo-intro/giloo-creator-profile.png → 200 (2ms, 597915B)
[2026-09-11T12:48:11.804Z] GET file:///Users/ruru/giloo-intro/giloo-creator-film.png → 200 (2ms, 517391B)
[2026-09-11T12:48:11.804Z] GET file:///Users/ruru/giloo-intro/giloo-creator-support.png → 200 (2ms, 147227B)
[2026-09-11T12:48:11.804Z] GET file:///Users/ruru/giloo-intro/giloo-partner-hero.jpg → 200 (3ms, 252558B)
[2026-09-11T12:48:11.814Z] GET https://fonts.gstatic.com/s/newsreader/v26/cY9AfjOCX1hbuyalUrK4397yjIJFJpc.woff2 → 200 (1ms, -816B)
[2026-09-11T12:48:11.814Z] GET https://fonts.gstatic.com/s/ibmplexsans/v23/zYXzKVElMYYaJe8bpLHnCwDKr932-G7dytD-Dmu1syxeKYbSB4Zh.woff2 → 200 (1ms, -815B)
[2026-09-11T12:48:11.814Z] GET file:///Users/ruru/giloo-intro/giloo-logo-white.png → 200 (1ms, 5717B)
[2026-09-11T12:48:11.814Z] GET file:///Users/ruru/giloo-intro/giloo-logo.png → 200 (1ms, 13028B)
[2026-09-11T12:48:11.814Z] GET file:///Users/ruru/giloo-intro/giloo-taipei-litfilm.png → 200 (1ms, 3029199B)
[2026-09-11T12:48:11.814Z] GET file:///Users/ruru/giloo-intro/giloo-platform.png → 200 (1ms, 4001985B)
[2026-09-11T12:48:11.814Z] GET file:///Users/ruru/giloo-intro/giloo-nuit-blanche.jpg → 200 (1ms, 1970773B)
[2026-09-11T12:48:11.814Z] GET file:///Users/ruru/giloo-intro/giloo-paris.png → 200 (1ms, 2070547B)
[2026-09-11T12:48:11.814Z] GET https://fonts.gstatic.com/s/notosanstc/v39/-nF7OG829Oofr2wohFbTp9iFOisNA_cTyNromxqQuEMQ2wHYwbnmy1R1jDujLebozBXCo2qYhRo.119.woff2 → 200 (2ms, -815B)
[2026-09-11T12:48:11.815Z] GET https://fonts.gstatic.com/s/notosanstc/v39/-nF7OG829Oofr2wohFbTp9i1OCEKIfVZ1w.woff2 → 200 (1ms, -815B)
[2026-09-11T12:48:11.843Z] GET https://fonts.gstatic.com/s/notosanstc/v39/-nF7OG829Oofr2wohFbTp9iFOisNA_cTyNromxqQuEMQ2wHYwbnmy1R1jDujLebozBXCo2qYhRo.118.woff2 → 200 (?ms, -815B)
[2026-09-11T12:48:11.843Z] GET https://fonts.gstatic.com/s/notosanstc/v39/-nF7OG829Oofr2wohFbTp9iFOisNA_cTyNromxqQuEMQ2wHYwbnmy1R1jDujLebozBXCo2qYhRo.117.woff2 → 200 (1ms, -815B)
[2026-09-11T12:48:11.843Z] GET https://fonts.gstatic.com/s/notosanstc/v39/-nF7OG829Oofr2wohFbTp9iFOisNA_cTyNromxqQuEMQ2wHYwbnmy1R1jDujLebozBXCo2qYhRo.116.woff2 → 200 (1ms, -815B)
[2026-09-11T12:48:11.843Z] GET https://fonts.gstatic.com/s/notosanstc/v39/-nF7OG829Oofr2wohFbTp9iFOisNA_cTyNromxqQuEMQ2wHYwbnmy1R1jDujLebozBXCo2qYhRo.112.woff2 → 200 (1ms, -815B)
[2026-09-11T12:48:11.843Z] GET https://fonts.gstatic.com/s/notosanstc/v39/-nF7OG829Oofr2wohFbTp9iFOisNA_cTyNromxqQuEMQ2wHYwbnmy1R1jDujLebozBXCo2qYhRo.115.woff2 → 200 (1ms, -815B)
[2026-09-11T12:48:11.843Z] GET https://fonts.gstatic.com/s/notosanstc/v39/-nF7OG829Oofr2wohFbTp9iFOisNA_cTyNromxqQuEMQ2wHYwbnmy1R1jDujLebozBXCo2qYhRo.113.woff2 → 200 (2ms, -815B)
[2026-09-11T12:48:11.843Z] GET https://fonts.gstatic.com/s/notosanstc/v39/-nF7OG829Oofr2wohFbTp9iFOisNA_cTyNromxqQuEMQ2wHYwbnmy1R1jDujLebozBXCo2qYhRo.111.woff2 → 200 (2ms, -815B)
[2026-09-11T12:48:11.843Z] GET https://fonts.gstatic.com/s/notosanstc/v39/-nF7OG829Oofr2wohFbTp9iFOisNA_cTyNromxqQuEMQ2wHYwbnmy1R1jDujLebozBXCo2qYhRo.114.woff2 → 200 (2ms, -815B)
[2026-09-11T12:48:11.843Z] GET https://fonts.gstatic.com/s/notosanstc/v39/-nF7OG829Oofr2wohFbTp9iFOisNA_cTyNromxqQuEMQ2wHYwbnmy1R1jDujLebozBXCo2qYhRo.104.woff2 → 200 (2ms, -815B)
[2026-09-11T12:48:11.843Z] GET https://fonts.gstatic.com/s/notosanstc/v39/-nF7OG829Oofr2wohFbTp9iFOisNA_cTyNromxqQuEMQ2wHYwbnmy1R1jDujLebozBXCo2qYhRo.109.woff2 → 200 (2ms, -815B)
[2026-09-11T12:48:11.843Z] GET https://fonts.gstatic.com/s/notosanstc/v39/-nF7OG829Oofr2wohFbTp9iFOisNA_cTyNromxqQuEMQ2wHYwbnmy1R1jDujLebozBXCo2qYhRo.69.woff2 → 200 (2ms, -813B)
[2026-09-11T12:48:11.843Z] GET https://fonts.gstatic.com/s/notosanstc/v39/-nF7OG829Oofr2wohFbTp9iFOisNA_cTyNromxqQuEMQ2wHYwbnmy1R1jDujLebozBXCo2qYhRo.108.woff2 → 200 (3ms, -815B)
[2026-09-11T12:48:27.030Z] GET file:///Users/ruru/giloo-intro/index.html → 200 (1ms, 64444B)
[2026-09-11T12:48:27.035Z] GET https://fonts.googleapis.com/css2?family=Newsreader:opsz,wght@6..72,300;6..72,400;6..72,500;6..72,600&family=IBM+Plex+Sans:wght@400;500;600;700&family=Noto+Sans+TC:wght@300;400;500&display=swap → 200 (?ms, -698B)
[2026-09-11T12:48:27.035Z] GET file:///Users/ruru/giloo-intro/giloo-newsletter.png → 200 (?ms, 950923B)
[2026-09-11T12:48:27.035Z] GET file:///Users/ruru/giloo-intro/giloo-notes2.png → 200 (4ms, 1218813B)
[2026-09-11T12:48:27.035Z] GET file:///Users/ruru/giloo-intro/giloo-judicial.png → 200 (4ms, 1842630B)
[2026-09-11T12:48:27.035Z] GET file:///Users/ruru/giloo-intro/giloo-festival-montage.png → 200 (4ms, 2305708B)
[2026-09-11T12:48:27.035Z] GET file:///Users/ruru/giloo-intro/giloo-watchparty2.png → 200 (5ms, 1651973B)
[2026-09-11T12:48:27.035Z] GET file:///Users/ruru/giloo-intro/posters/kinmen.jpg → 200 (5ms, 39604B)
[2026-09-11T12:48:27.035Z] GET file:///Users/ruru/giloo-intro/posters/nineshots.jpg → 200 (5ms, 117566B)
[2026-09-11T12:48:27.035Z] GET file:///Users/ruru/giloo-intro/posters/blackbox.jpg → 200 (5ms, 751190B)
[2026-09-11T12:48:27.035Z] GET file:///Users/ruru/giloo-intro/giloo-belami-merch.png → 200 (5ms, 2515501B)
[2026-09-11T12:48:27.035Z] GET file:///Users/ruru/giloo-intro/giloo-creator-profile.png → 200 (5ms, 597915B)
[2026-09-11T12:48:27.035Z] GET file:///Users/ruru/giloo-intro/giloo-creator-film.png → 200 (6ms, 517391B)
[2026-09-11T12:48:27.035Z] GET file:///Users/ruru/giloo-intro/giloo-creator-support.png → 200 (7ms, 147227B)
[2026-09-11T12:48:27.035Z] GET file:///Users/ruru/giloo-intro/giloo-partner-hero.jpg → 200 (7ms, 252558B)
[2026-09-11T12:48:27.060Z] GET https://fonts.gstatic.com/s/newsreader/v26/cY9AfjOCX1hbuyalUrK4397yjIJFJpc.woff2 → 200 (1ms, -816B)
[2026-09-11T12:48:27.060Z] GET https://fonts.gstatic.com/s/ibmplexsans/v23/zYXzKVElMYYaJe8bpLHnCwDKr932-G7dytD-Dmu1syxeKYbSB4Zh.woff2 → 200 (1ms, -815B)
[2026-09-11T12:48:27.060Z] GET file:///Users/ruru/giloo-intro/giloo-logo-white.png → 200 (?ms, 5717B)
[2026-09-11T12:48:27.060Z] GET file:///Users/ruru/giloo-intro/giloo-logo.png → 200 (1ms, 13028B)
[2026-09-11T12:48:27.060Z] GET file:///Users/ruru/giloo-intro/giloo-taipei-litfilm.png → 200 (1ms, 3029199B)
[2026-09-11T12:48:27.060Z] GET file:///Users/ruru/giloo-intro/giloo-platform.png → 200 (1ms, 4001985B)
[2026-09-11T12:48:27.060Z] GET file:///Users/ruru/giloo-intro/giloo-nuit-blanche.jpg → 200 (1ms, 1970773B)
[2026-09-11T12:48:27.060Z] GET file:///Users/ruru/giloo-intro/giloo-paris.png → 200 (1ms, 2070547B)
[2026-09-11T12:48:27.060Z] GET https://fonts.gstatic.com/s/notosanstc/v39/-nF7OG829Oofr2wohFbTp9iFOisNA_cTyNromxqQuEMQ2wHYwbnmy1R1jDujLebozBXCo2qYhRo.119.woff2 → 200 (1ms, -815B)
[2026-09-11T12:48:27.060Z] GET https://fonts.gstatic.com/s/notosanstc/v39/-nF7OG829Oofr2wohFbTp9i1OCEKIfVZ1w.woff2 → 200 (1ms, -815B)
[2026-09-11T12:48:27.060Z] GET https://fonts.gstatic.com/s/notosanstc/v39/-nF7OG829Oofr2wohFbTp9iFOisNA_cTyNromxqQuEMQ2wHYwbnmy1R1jDujLebozBXCo2qYhRo.118.woff2 → 200 (2ms, -815B)
[2026-09-11T12:48:27.060Z] GET https://fonts.gstatic.com/s/notosanstc/v39/-nF7OG829Oofr2wohFbTp9iFOisNA_cTyNromxqQuEMQ2wHYwbnmy1R1jDujLebozBXCo2qYhRo.117.woff2 → 200 (2ms, -815B)
[2026-09-11T12:48:27.060Z] GET https://fonts.gstatic.com/s/notosanstc/v39/-nF7OG829Oofr2wohFbTp9iFOisNA_cTyNromxqQuEMQ2wHYwbnmy1R1jDujLebozBXCo2qYhRo.116.woff2 → 200 (1ms, -815B)
[2026-09-11T12:48:27.060Z] GET https://fonts.gstatic.com/s/notosanstc/v39/-nF7OG829Oofr2wohFbTp9iFOisNA_cTyNromxqQuEMQ2wHYwbnmy1R1jDujLebozBXCo2qYhRo.112.woff2 → 200 (2ms, -815B)
[2026-09-11T12:48:27.060Z] GET https://fonts.gstatic.com/s/notosanstc/v39/-nF7OG829Oofr2wohFbTp9iFOisNA_cTyNromxqQuEMQ2wHYwbnmy1R1jDujLebozBXCo2qYhRo.115.woff2 → 200 (2ms, -815B)
[2026-09-11T12:48:27.060Z] GET https://fonts.gstatic.com/s/notosanstc/v39/-nF7OG829Oofr2wohFbTp9iFOisNA_cTyNromxqQuEMQ2wHYwbnmy1R1jDujLebozBXCo2qYhRo.113.woff2 → 200 (2ms, -815B)
[2026-09-11T12:48:27.060Z] GET https://fonts.gstatic.com/s/notosanstc/v39/-nF7OG829Oofr2wohFbTp9iFOisNA_cTyNromxqQuEMQ2wHYwbnmy1R1jDujLebozBXCo2qYhRo.111.woff2 → 200 (2ms, -815B)
[2026-09-11T12:48:27.060Z] GET https://fonts.gstatic.com/s/notosanstc/v39/-nF7OG829Oofr2wohFbTp9iFOisNA_cTyNromxqQuEMQ2wHYwbnmy1R1jDujLebozBXCo2qYhRo.114.woff2 → 200 (3ms, -815B)
[2026-09-11T12:48:27.060Z] GET https://fonts.gstatic.com/s/notosanstc/v39/-nF7OG829Oofr2wohFbTp9iFOisNA_cTyNromxqQuEMQ2wHYwbnmy1R1jDujLebozBXCo2qYhRo.104.woff2 → 200 (2ms, -815B)
[2026-09-11T12:48:27.060Z] GET https://fonts.gstatic.com/s/ibmplexsans/v23/zYXzKVElMYYaJe8bpLHnCwDKr932-G7dytD-Dmu1syxQKYbSB4ZhRNU.woff2 → 200 (2ms, -814B)
[2026-09-11T12:48:27.060Z] GET https://fonts.gstatic.com/s/notosanstc/v39/-nF7OG829Oofr2wohFbTp9iFOisNA_cTyNromxqQuEMQ2wHYwbnmy1R1jDujLebozBXCo2qYhRo.109.woff2 → 200 (3ms, -815B)
[2026-09-11T12:48:27.060Z] GET https://fonts.gstatic.com/s/notosanstc/v39/-nF7OG829Oofr2wohFbTp9iFOisNA_cTyNromxqQuEMQ2wHYwbnmy1R1jDujLebozBXCo2qYhRo.69.woff2 → 200 (3ms, -813B)
[2026-09-11T12:48:27.060Z] GET https://fonts.gstatic.com/s/notosanstc/v39/-nF7OG829Oofr2wohFbTp9iFOisNA_cTyNromxqQuEMQ2wHYwbnmy1R1jDujLebozBXCo2qYhRo.108.woff2 → 200 (3ms, -815B)
[2026-09-11T12:48:29.688Z] GET file:///Users/ruru/giloo-intro/index.html → 200 (?ms, 64444B)
[2026-09-11T12:48:29.693Z] GET https://fonts.googleapis.com/css2?family=Newsreader:opsz,wght@6..72,300;6..72,400;6..72,500;6..72,600&family=IBM+Plex+Sans:wght@400;500;600;700&family=Noto+Sans+TC:wght@300;400;500&display=swap → 200 (7ms, -698B)
[2026-09-11T12:48:29.693Z] GET file:///Users/ruru/giloo-intro/giloo-newsletter.png → 200 (3ms, 950923B)
[2026-09-11T12:48:29.693Z] GET file:///Users/ruru/giloo-intro/giloo-notes2.png → 200 (3ms, 1218813B)
[2026-09-11T12:48:29.693Z] GET file:///Users/ruru/giloo-intro/giloo-judicial.png → 200 (4ms, 1842630B)
[2026-09-11T12:48:29.693Z] GET file:///Users/ruru/giloo-intro/giloo-festival-montage.png → 200 (4ms, 2305708B)
[2026-09-11T12:48:29.693Z] GET file:///Users/ruru/giloo-intro/giloo-watchparty2.png → 200 (4ms, 1651973B)
[2026-09-11T12:48:29.693Z] GET file:///Users/ruru/giloo-intro/posters/kinmen.jpg → 200 (7ms, 39604B)
[2026-09-11T12:48:29.696Z] GET file:///Users/ruru/giloo-intro/posters/nineshots.jpg → 200 (6ms, 117566B)
[2026-09-11T12:48:29.696Z] GET file:///Users/ruru/giloo-intro/posters/blackbox.jpg → 200 (6ms, 751190B)
[2026-09-11T12:48:29.696Z] GET file:///Users/ruru/giloo-intro/giloo-belami-merch.png → 200 (7ms, 2515501B)
[2026-09-11T12:48:29.696Z] GET file:///Users/ruru/giloo-intro/giloo-creator-profile.png → 200 (7ms, 597915B)
[2026-09-11T12:48:29.696Z] GET file:///Users/ruru/giloo-intro/giloo-creator-film.png → 200 (7ms, 517391B)
[2026-09-11T12:48:29.696Z] GET file:///Users/ruru/giloo-intro/giloo-creator-support.png → 200 (7ms, 147227B)
[2026-09-11T12:48:29.696Z] GET file:///Users/ruru/giloo-intro/giloo-partner-hero.jpg → 200 (7ms, 252558B)
[2026-09-11T12:48:29.710Z] GET https://fonts.gstatic.com/s/newsreader/v26/cY9AfjOCX1hbuyalUrK4397yjIJFJpc.woff2 → 200 (1ms, -816B)
[2026-09-11T12:48:29.711Z] GET https://fonts.gstatic.com/s/ibmplexsans/v23/zYXzKVElMYYaJe8bpLHnCwDKr932-G7dytD-Dmu1syxeKYbSB4Zh.woff2 → 200 (?ms, -815B)
[2026-09-11T12:48:29.711Z] GET file:///Users/ruru/giloo-intro/giloo-logo-white.png → 200 (?ms, 5717B)
[2026-09-11T12:48:29.711Z] GET file:///Users/ruru/giloo-intro/giloo-logo.png → 200 (?ms, 13028B)
[2026-09-11T12:48:29.711Z] GET file:///Users/ruru/giloo-intro/giloo-taipei-litfilm.png → 200 (?ms, 3029199B)
[2026-09-11T12:48:29.711Z] GET file:///Users/ruru/giloo-intro/giloo-platform.png → 200 (?ms, 4001985B)
[2026-09-11T12:48:29.711Z] GET file:///Users/ruru/giloo-intro/giloo-nuit-blanche.jpg → 200 (?ms, 1970773B)
[2026-09-11T12:48:29.711Z] GET file:///Users/ruru/giloo-intro/giloo-paris.png → 200 (?ms, 2070547B)
[2026-09-11T12:48:29.711Z] GET https://fonts.gstatic.com/s/notosanstc/v39/-nF7OG829Oofr2wohFbTp9iFOisNA_cTyNromxqQuEMQ2wHYwbnmy1R1jDujLebozBXCo2qYhRo.119.woff2 → 200 (1ms, -815B)
[2026-09-11T12:48:29.711Z] GET https://fonts.gstatic.com/s/notosanstc/v39/-nF7OG829Oofr2wohFbTp9i1OCEKIfVZ1w.woff2 → 200 (1ms, -815B)
[2026-09-11T12:48:29.730Z] GET https://fonts.gstatic.com/s/notosanstc/v39/-nF7OG829Oofr2wohFbTp9iFOisNA_cTyNromxqQuEMQ2wHYwbnmy1R1jDujLebozBXCo2qYhRo.118.woff2 → 200 (?ms, -815B)
[2026-09-11T12:48:29.730Z] GET https://fonts.gstatic.com/s/notosanstc/v39/-nF7OG829Oofr2wohFbTp9iFOisNA_cTyNromxqQuEMQ2wHYwbnmy1R1jDujLebozBXCo2qYhRo.117.woff2 → 200 (?ms, -815B)
[2026-09-11T12:48:29.730Z] GET https://fonts.gstatic.com/s/notosanstc/v39/-nF7OG829Oofr2wohFbTp9iFOisNA_cTyNromxqQuEMQ2wHYwbnmy1R1jDujLebozBXCo2qYhRo.116.woff2 → 200 (?ms, -815B)
[2026-09-11T12:48:29.730Z] GET https://fonts.gstatic.com/s/notosanstc/v39/-nF7OG829Oofr2wohFbTp9iFOisNA_cTyNromxqQuEMQ2wHYwbnmy1R1jDujLebozBXCo2qYhRo.112.woff2 → 200 (1ms, -815B)
[2026-09-11T12:48:29.730Z] GET https://fonts.gstatic.com/s/notosanstc/v39/-nF7OG829Oofr2wohFbTp9iFOisNA_cTyNromxqQuEMQ2wHYwbnmy1R1jDujLebozBXCo2qYhRo.115.woff2 → 200 (?ms, -815B)
[2026-09-11T12:48:29.730Z] GET https://fonts.gstatic.com/s/notosanstc/v39/-nF7OG829Oofr2wohFbTp9iFOisNA_cTyNromxqQuEMQ2wHYwbnmy1R1jDujLebozBXCo2qYhRo.113.woff2 → 200 (1ms, -815B)
[2026-09-11T12:48:29.730Z] GET https://fonts.gstatic.com/s/notosanstc/v39/-nF7OG829Oofr2wohFbTp9iFOisNA_cTyNromxqQuEMQ2wHYwbnmy1R1jDujLebozBXCo2qYhRo.111.woff2 → 200 (1ms, -815B)
[2026-09-11T12:48:29.730Z] GET https://fonts.gstatic.com/s/notosanstc/v39/-nF7OG829Oofr2wohFbTp9iFOisNA_cTyNromxqQuEMQ2wHYwbnmy1R1jDujLebozBXCo2qYhRo.114.woff2 → 200 (1ms, -815B)
[2026-09-11T12:48:29.730Z] GET https://fonts.gstatic.com/s/notosanstc/v39/-nF7OG829Oofr2wohFbTp9iFOisNA_cTyNromxqQuEMQ2wHYwbnmy1R1jDujLebozBXCo2qYhRo.104.woff2 → 200 (1ms, -815B)
[2026-09-11T12:48:29.730Z] GET https://fonts.gstatic.com/s/notosanstc/v39/-nF7OG829Oofr2wohFbTp9iFOisNA_cTyNromxqQuEMQ2wHYwbnmy1R1jDujLebozBXCo2qYhRo.109.woff2 → 200 (1ms, -815B)
[2026-09-11T12:48:29.730Z] GET https://fonts.gstatic.com/s/notosanstc/v39/-nF7OG829Oofr2wohFbTp9iFOisNA_cTyNromxqQuEMQ2wHYwbnmy1R1jDujLebozBXCo2qYhRo.69.woff2 → 200 (1ms, -813B)
[2026-09-11T12:48:29.730Z] GET https://fonts.gstatic.com/s/notosanstc/v39/-nF7OG829Oofr2wohFbTp9iFOisNA_cTyNromxqQuEMQ2wHYwbnmy1R1jDujLebozBXCo2qYhRo.108.woff2 → 200 (1ms, -815B)
[2026-09-11T12:48:32.370Z] GET file:///Users/ruru/giloo-intro/index.html → 200 (1ms, 64444B)
[2026-09-11T12:48:32.375Z] GET https://fonts.googleapis.com/css2?family=Newsreader:opsz,wght@6..72,300;6..72,400;6..72,500;6..72,600&family=IBM+Plex+Sans:wght@400;500;600;700&family=Noto+Sans+TC:wght@300;400;500&display=swap → 200 (1ms, -698B)
[2026-09-11T12:48:32.375Z] GET file:///Users/ruru/giloo-intro/giloo-newsletter.png → 200 (1ms, 950923B)
[2026-09-11T12:48:32.376Z] GET file:///Users/ruru/giloo-intro/giloo-notes2.png → 200 (?ms, 1218813B)
[2026-09-11T12:48:32.376Z] GET file:///Users/ruru/giloo-intro/giloo-judicial.png → 200 (?ms, 1842630B)
[2026-09-11T12:48:32.376Z] GET file:///Users/ruru/giloo-intro/giloo-festival-montage.png → 200 (?ms, 2305708B)
[2026-09-11T12:48:32.376Z] GET file:///Users/ruru/giloo-intro/giloo-watchparty2.png → 200 (?ms, 1651973B)
[2026-09-11T12:48:32.376Z] GET file:///Users/ruru/giloo-intro/posters/kinmen.jpg → 200 (?ms, 39604B)
[2026-09-11T12:48:32.376Z] GET file:///Users/ruru/giloo-intro/posters/nineshots.jpg → 200 (?ms, 117566B)
[2026-09-11T12:48:32.376Z] GET file:///Users/ruru/giloo-intro/posters/blackbox.jpg → 200 (?ms, 751190B)
[2026-09-11T12:48:32.376Z] GET file:///Users/ruru/giloo-intro/giloo-belami-merch.png → 200 (1ms, 2515501B)
[2026-09-11T12:48:32.376Z] GET file:///Users/ruru/giloo-intro/giloo-creator-profile.png → 200 (1ms, 597915B)
[2026-09-11T12:48:32.376Z] GET file:///Users/ruru/giloo-intro/giloo-creator-film.png → 200 (2ms, 517391B)
[2026-09-11T12:48:32.376Z] GET file:///Users/ruru/giloo-intro/giloo-creator-support.png → 200 (2ms, 147227B)
[2026-09-11T12:48:32.376Z] GET file:///Users/ruru/giloo-intro/giloo-partner-hero.jpg → 200 (3ms, 252558B)
[2026-09-11T12:48:32.391Z] GET https://fonts.gstatic.com/s/newsreader/v26/cY9AfjOCX1hbuyalUrK4397yjIJFJpc.woff2 → 200 (1ms, -816B)
[2026-09-11T12:48:32.391Z] GET https://fonts.gstatic.com/s/ibmplexsans/v23/zYXzKVElMYYaJe8bpLHnCwDKr932-G7dytD-Dmu1syxeKYbSB4Zh.woff2 → 200 (1ms, -815B)
[2026-09-11T12:48:32.391Z] GET file:///Users/ruru/giloo-intro/giloo-logo-white.png → 200 (?ms, 5717B)
[2026-09-11T12:48:32.391Z] GET file:///Users/ruru/giloo-intro/giloo-logo.png → 200 (1ms, 13028B)
[2026-09-11T12:48:32.391Z] GET file:///Users/ruru/giloo-intro/giloo-taipei-litfilm.png → 200 (1ms, 3029199B)
[2026-09-11T12:48:32.391Z] GET file:///Users/ruru/giloo-intro/giloo-platform.png → 200 (1ms, 4001985B)
[2026-09-11T12:48:32.391Z] GET file:///Users/ruru/giloo-intro/giloo-nuit-blanche.jpg → 200 (1ms, 1970773B)
[2026-09-11T12:48:32.391Z] GET file:///Users/ruru/giloo-intro/giloo-paris.png → 200 (1ms, 2070547B)
[2026-09-11T12:48:32.391Z] GET https://fonts.gstatic.com/s/notosanstc/v39/-nF7OG829Oofr2wohFbTp9iFOisNA_cTyNromxqQuEMQ2wHYwbnmy1R1jDujLebozBXCo2qYhRo.119.woff2 → 200 (1ms, -815B)
[2026-09-11T12:48:32.391Z] GET https://fonts.gstatic.com/s/notosanstc/v39/-nF7OG829Oofr2wohFbTp9i1OCEKIfVZ1w.woff2 → 200 (1ms, -815B)
[2026-09-11T12:48:32.416Z] GET https://fonts.gstatic.com/s/notosanstc/v39/-nF7OG829Oofr2wohFbTp9iFOisNA_cTyNromxqQuEMQ2wHYwbnmy1R1jDujLebozBXCo2qYhRo.118.woff2 → 200 (1ms, -815B)
[2026-09-11T12:48:32.416Z] GET https://fonts.gstatic.com/s/notosanstc/v39/-nF7OG829Oofr2wohFbTp9iFOisNA_cTyNromxqQuEMQ2wHYwbnmy1R1jDujLebozBXCo2qYhRo.117.woff2 → 200 (2ms, -815B)
[2026-09-11T12:48:32.416Z] GET https://fonts.gstatic.com/s/notosanstc/v39/-nF7OG829Oofr2wohFbTp9iFOisNA_cTyNromxqQuEMQ2wHYwbnmy1R1jDujLebozBXCo2qYhRo.116.woff2 → 200 (3ms, -815B)
[2026-09-11T12:48:32.416Z] GET https://fonts.gstatic.com/s/notosanstc/v39/-nF7OG829Oofr2wohFbTp9iFOisNA_cTyNromxqQuEMQ2wHYwbnmy1R1jDujLebozBXCo2qYhRo.112.woff2 → 200 (3ms, -815B)
[2026-09-11T12:48:32.416Z] GET https://fonts.gstatic.com/s/notosanstc/v39/-nF7OG829Oofr2wohFbTp9iFOisNA_cTyNromxqQuEMQ2wHYwbnmy1R1jDujLebozBXCo2qYhRo.115.woff2 → 200 (2ms, -815B)
[2026-09-11T12:48:32.416Z] GET https://fonts.gstatic.com/s/notosanstc/v39/-nF7OG829Oofr2wohFbTp9iFOisNA_cTyNromxqQuEMQ2wHYwbnmy1R1jDujLebozBXCo2qYhRo.113.woff2 → 200 (4ms, -815B)
[2026-09-11T12:48:32.416Z] GET https://fonts.gstatic.com/s/notosanstc/v39/-nF7OG829Oofr2wohFbTp9iFOisNA_cTyNromxqQuEMQ2wHYwbnmy1R1jDujLebozBXCo2qYhRo.111.woff2 → 200 (4ms, -815B)
[2026-09-11T12:48:32.416Z] GET https://fonts.gstatic.com/s/notosanstc/v39/-nF7OG829Oofr2wohFbTp9iFOisNA_cTyNromxqQuEMQ2wHYwbnmy1R1jDujLebozBXCo2qYhRo.114.woff2 → 200 (4ms, -815B)
[2026-09-11T12:48:32.416Z] GET https://fonts.gstatic.com/s/notosanstc/v39/-nF7OG829Oofr2wohFbTp9iFOisNA_cTyNromxqQuEMQ2wHYwbnmy1R1jDujLebozBXCo2qYhRo.104.woff2 → 200 (4ms, -815B)
[2026-09-11T12:48:32.416Z] GET https://fonts.gstatic.com/s/notosanstc/v39/-nF7OG829Oofr2wohFbTp9iFOisNA_cTyNromxqQuEMQ2wHYwbnmy1R1jDujLebozBXCo2qYhRo.109.woff2 → 200 (4ms, -815B)
[2026-09-11T12:48:32.416Z] GET https://fonts.gstatic.com/s/notosanstc/v39/-nF7OG829Oofr2wohFbTp9iFOisNA_cTyNromxqQuEMQ2wHYwbnmy1R1jDujLebozBXCo2qYhRo.69.woff2 → 200 (4ms, -813B)
[2026-09-11T12:48:32.416Z] GET https://fonts.gstatic.com/s/notosanstc/v39/-nF7OG829Oofr2wohFbTp9iFOisNA_cTyNromxqQuEMQ2wHYwbnmy1R1jDujLebozBXCo2qYhRo.108.woff2 → 200 (5ms, -815B)
[2026-09-11T12:48:35.015Z] GET file:///Users/ruru/giloo-intro/index.html → 200 (1ms, 64444B)
[2026-09-11T12:48:35.020Z] GET https://fonts.googleapis.com/css2?family=Newsreader:opsz,wght@6..72,300;6..72,400;6..72,500;6..72,600&family=IBM+Plex+Sans:wght@400;500;600;700&family=Noto+Sans+TC:wght@300;400;500&display=swap → 200 (1ms, -698B)
[2026-09-11T12:48:35.020Z] GET file:///Users/ruru/giloo-intro/giloo-newsletter.png → 200 (?ms, 950923B)
[2026-09-11T12:48:35.020Z] GET file:///Users/ruru/giloo-intro/giloo-notes2.png → 200 (?ms, 1218813B)
[2026-09-11T12:48:35.020Z] GET file:///Users/ruru/giloo-intro/giloo-judicial.png → 200 (1ms, 1842630B)
[2026-09-11T12:48:35.020Z] GET file:///Users/ruru/giloo-intro/giloo-festival-montage.png → 200 (1ms, 2305708B)
[2026-09-11T12:48:35.020Z] GET file:///Users/ruru/giloo-intro/giloo-watchparty2.png → 200 (1ms, 1651973B)
[2026-09-11T12:48:35.020Z] GET file:///Users/ruru/giloo-intro/posters/kinmen.jpg → 200 (1ms, 39604B)
[2026-09-11T12:48:35.020Z] GET file:///Users/ruru/giloo-intro/posters/nineshots.jpg → 200 (1ms, 117566B)
[2026-09-11T12:48:35.020Z] GET file:///Users/ruru/giloo-intro/posters/blackbox.jpg → 200 (1ms, 751190B)
[2026-09-11T12:48:35.020Z] GET file:///Users/ruru/giloo-intro/giloo-belami-merch.png → 200 (1ms, 2515501B)
[2026-09-11T12:48:35.020Z] GET file:///Users/ruru/giloo-intro/giloo-creator-profile.png → 200 (1ms, 597915B)
[2026-09-11T12:48:35.020Z] GET file:///Users/ruru/giloo-intro/giloo-creator-film.png → 200 (1ms, 517391B)
[2026-09-11T12:48:35.020Z] GET file:///Users/ruru/giloo-intro/giloo-creator-support.png → 200 (2ms, 147227B)
[2026-09-11T12:48:35.020Z] GET file:///Users/ruru/giloo-intro/giloo-partner-hero.jpg → 200 (2ms, 252558B)
[2026-09-11T12:48:35.031Z] GET https://fonts.gstatic.com/s/newsreader/v26/cY9AfjOCX1hbuyalUrK4397yjIJFJpc.woff2 → 200 (1ms, -816B)
[2026-09-11T12:48:35.031Z] GET https://fonts.gstatic.com/s/ibmplexsans/v23/zYXzKVElMYYaJe8bpLHnCwDKr932-G7dytD-Dmu1syxeKYbSB4Zh.woff2 → 200 (1ms, -815B)
[2026-09-11T12:48:35.031Z] GET file:///Users/ruru/giloo-intro/giloo-logo-white.png → 200 (?ms, 5717B)
[2026-09-11T12:48:35.031Z] GET file:///Users/ruru/giloo-intro/giloo-logo.png → 200 (?ms, 13028B)
[2026-09-11T12:48:35.031Z] GET file:///Users/ruru/giloo-intro/giloo-taipei-litfilm.png → 200 (?ms, 3029199B)
[2026-09-11T12:48:35.031Z] GET file:///Users/ruru/giloo-intro/giloo-platform.png → 200 (?ms, 4001985B)
[2026-09-11T12:48:35.031Z] GET file:///Users/ruru/giloo-intro/giloo-nuit-blanche.jpg → 200 (1ms, 1970773B)
[2026-09-11T12:48:35.031Z] GET file:///Users/ruru/giloo-intro/giloo-paris.png → 200 (1ms, 2070547B)
[2026-09-11T12:48:35.031Z] GET https://fonts.gstatic.com/s/notosanstc/v39/-nF7OG829Oofr2wohFbTp9iFOisNA_cTyNromxqQuEMQ2wHYwbnmy1R1jDujLebozBXCo2qYhRo.119.woff2 → 200 (1ms, -815B)
[2026-09-11T12:48:35.031Z] GET https://fonts.gstatic.com/s/notosanstc/v39/-nF7OG829Oofr2wohFbTp9i1OCEKIfVZ1w.woff2 → 200 (2ms, -815B)
[2026-09-11T12:48:35.051Z] GET https://fonts.gstatic.com/s/notosanstc/v39/-nF7OG829Oofr2wohFbTp9iFOisNA_cTyNromxqQuEMQ2wHYwbnmy1R1jDujLebozBXCo2qYhRo.118.woff2 → 200 (?ms, -815B)
[2026-09-11T12:48:35.051Z] GET https://fonts.gstatic.com/s/notosanstc/v39/-nF7OG829Oofr2wohFbTp9iFOisNA_cTyNromxqQuEMQ2wHYwbnmy1R1jDujLebozBXCo2qYhRo.117.woff2 → 200 (1ms, -815B)
[2026-09-11T12:48:35.051Z] GET https://fonts.gstatic.com/s/notosanstc/v39/-nF7OG829Oofr2wohFbTp9iFOisNA_cTyNromxqQuEMQ2wHYwbnmy1R1jDujLebozBXCo2qYhRo.116.woff2 → 200 (1ms, -815B)
[2026-09-11T12:48:35.051Z] GET https://fonts.gstatic.com/s/notosanstc/v39/-nF7OG829Oofr2wohFbTp9iFOisNA_cTyNromxqQuEMQ2wHYwbnmy1R1jDujLebozBXCo2qYhRo.112.woff2 → 200 (1ms, -815B)
[2026-09-11T12:48:35.051Z] GET https://fonts.gstatic.com/s/notosanstc/v39/-nF7OG829Oofr2wohFbTp9iFOisNA_cTyNromxqQuEMQ2wHYwbnmy1R1jDujLebozBXCo2qYhRo.115.woff2 → 200 (1ms, -815B)
[2026-09-11T12:48:35.051Z] GET https://fonts.gstatic.com/s/notosanstc/v39/-nF7OG829Oofr2wohFbTp9iFOisNA_cTyNromxqQuEMQ2wHYwbnmy1R1jDujLebozBXCo2qYhRo.113.woff2 → 200 (1ms, -815B)
[2026-09-11T12:48:35.051Z] GET https://fonts.gstatic.com/s/notosanstc/v39/-nF7OG829Oofr2wohFbTp9iFOisNA_cTyNromxqQuEMQ2wHYwbnmy1R1jDujLebozBXCo2qYhRo.111.woff2 → 200 (1ms, -815B)
[2026-09-11T12:48:35.051Z] GET https://fonts.gstatic.com/s/notosanstc/v39/-nF7OG829Oofr2wohFbTp9iFOisNA_cTyNromxqQuEMQ2wHYwbnmy1R1jDujLebozBXCo2qYhRo.114.woff2 → 200 (1ms, -815B)
[2026-09-11T12:48:35.051Z] GET https://fonts.gstatic.com/s/notosanstc/v39/-nF7OG829Oofr2wohFbTp9iFOisNA_cTyNromxqQuEMQ2wHYwbnmy1R1jDujLebozBXCo2qYhRo.104.woff2 → 200 (1ms, -815B)
[2026-09-11T12:48:35.051Z] GET https://fonts.gstatic.com/s/notosanstc/v39/-nF7OG829Oofr2wohFbTp9iFOisNA_cTyNromxqQuEMQ2wHYwbnmy1R1jDujLebozBXCo2qYhRo.109.woff2 → 200 (1ms, -815B)
[2026-09-11T12:48:35.051Z] GET https://fonts.gstatic.com/s/notosanstc/v39/-nF7OG829Oofr2wohFbTp9iFOisNA_cTyNromxqQuEMQ2wHYwbnmy1R1jDujLebozBXCo2qYhRo.69.woff2 → 200 (1ms, -813B)
[2026-09-11T12:48:35.051Z] GET https://fonts.gstatic.com/s/notosanstc/v39/-nF7OG829Oofr2wohFbTp9iFOisNA_cTyNromxqQuEMQ2wHYwbnmy1R1jDujLebozBXCo2qYhRo.108.woff2 → 200 (1ms, -815B)
